// Jest Snapshot v1, https://goo.gl/fbAQLP

exports[`Tests on <Loader /> <Loader /> must be rendered correctly 1`] = `
<div
  className="loader--wrapper"
>
  <Spinner
    animation="border"
    variant="light"
  />
</div>
`;
