// Jest Snapshot v1, https://goo.gl/fbAQLP

exports[`Tests in <ReloadPageButton /> <ReloadPageButton /> must be rendered correctly 1`] = `
<Button
  active={false}
  disabled={false}
  onClick={[Function]}
  size="lg"
  variant="secondary"
>
  Reload Page
</Button>
`;
